// Jest Snapshot v1, https://goo.gl/fbAQLP

exports[`Projects renders correctly 1`] = `
<div
  className="sc-bdfBwQ fKNFrQ"
  id="projects"
>
  <h3
    className="text-center text-capitalize mb-5"
  >
    <u>
      projects
    </u>
  </h3>
  <div
    className="container"
  >
    <div
      className="mx-auto list-group"
      onKeyDown={[Function]}
    >
      <div
        className="d-flex flex-column list-group-item"
        data-rb-event-key={null}
        disabled={false}
        onClick={[Function]}
      >
        <div
          className="d-flex align-items-center justify-content-between"
        >
          <div>
            <a
              className="nav-link"
              data-rb-event-key="/id"
              href="/id"
              onClick={[Function]}
              onKeyDown={[Function]}
            >
              Slack
            </a>
          </div>
          <div
            className="ml-auto d-flex align-items-center"
          >
            <a
              className="mr-3"
              href="https://github.com/davidchanho/react-native-slack"
              rel="noreferrer"
              target="_blank"
            >
              <svg
                fill="currentColor"
                height={22}
                stroke="currentColor"
                strokeWidth="0"
                style={
                  Object {
                    "color": undefined,
                  }
                }
                viewBox="0 0 1024 1024"
                width={22}
                xmlns="http://www.w3.org/2000/svg"
              >
                <path
                  d="M511.6 76.3C264.3 76.2 64 276.4 64 523.5 64 718.9 189.3 885 363.8 946c23.5 5.9 19.9-10.8 19.9-22.2v-77.5c-135.7 15.9-141.2-73.9-150.3-88.9C215 726 171.5 718 184.5 703c30.9-15.9 62.4 4 98.9 57.9 26.4 39.1 77.9 32.5 104 26 5.7-23.5 17.9-44.5 34.7-60.8-140.6-25.2-199.2-111-199.2-213 0-49.5 16.3-95 48.3-131.7-20.4-60.5 1.9-112.3 4.9-120 58.1-5.2 118.5 41.6 123.2 45.3 33-8.9 70.7-13.6 112.9-13.6 42.4 0 80.2 4.9 113.5 13.9 11.3-8.6 67.3-48.8 121.3-43.9 2.9 7.7 24.7 58.3 5.5 118 32.4 36.8 48.9 82.7 48.9 132.3 0 102.2-59 188.1-200 212.9a127.5 127.5 0 0 1 38.1 91v112.5c.8 9 0 17.9 15 17.9 177.1-59.7 304.6-227 304.6-424.1 0-247.2-200.4-447.3-447.5-447.3z"
                />
              </svg>
            </a>
            <a
              href="https://react-firebase-chat-23479.firebaseapp.com/"
              rel="noreferrer"
              target="_blank"
            >
              Live Demo
            </a>
          </div>
        </div>
        <div />
      </div>
      <div
        className="d-flex flex-column list-group-item"
        data-rb-event-key={null}
        disabled={false}
        onClick={[Function]}
      >
        <div
          className="d-flex align-items-center justify-content-between"
        >
          <div>
            <a
              className="nav-link"
              data-rb-event-key="/id"
              href="/id"
              onClick={[Function]}
              onKeyDown={[Function]}
            >
              Medium
            </a>
          </div>
          <div
            className="ml-auto d-flex align-items-center"
          >
            <a
              className="mr-3"
              href="https://github.com/davidchanho/mediumClone"
              rel="noreferrer"
              target="_blank"
            >
              <svg
                fill="currentColor"
                height={22}
                stroke="currentColor"
                strokeWidth="0"
                style={
                  Object {
                    "color": undefined,
                  }
                }
                viewBox="0 0 1024 1024"
                width={22}
                xmlns="http://www.w3.org/2000/svg"
              >
                <path
                  d="M511.6 76.3C264.3 76.2 64 276.4 64 523.5 64 718.9 189.3 885 363.8 946c23.5 5.9 19.9-10.8 19.9-22.2v-77.5c-135.7 15.9-141.2-73.9-150.3-88.9C215 726 171.5 718 184.5 703c30.9-15.9 62.4 4 98.9 57.9 26.4 39.1 77.9 32.5 104 26 5.7-23.5 17.9-44.5 34.7-60.8-140.6-25.2-199.2-111-199.2-213 0-49.5 16.3-95 48.3-131.7-20.4-60.5 1.9-112.3 4.9-120 58.1-5.2 118.5 41.6 123.2 45.3 33-8.9 70.7-13.6 112.9-13.6 42.4 0 80.2 4.9 113.5 13.9 11.3-8.6 67.3-48.8 121.3-43.9 2.9 7.7 24.7 58.3 5.5 118 32.4 36.8 48.9 82.7 48.9 132.3 0 102.2-59 188.1-200 212.9a127.5 127.5 0 0 1 38.1 91v112.5c.8 9 0 17.9 15 17.9 177.1-59.7 304.6-227 304.6-424.1 0-247.2-200.4-447.3-447.5-447.3z"
                />
              </svg>
            </a>
            <a
              href=""
              rel="noreferrer"
              target="_blank"
            >
              Live Demo
            </a>
          </div>
        </div>
        <div />
      </div>
    </div>
  </div>
</div>
`;
