// Jest Snapshot v1, https://goo.gl/fbAQLP

exports[`BlogList renders correctly 1`] = `
<div
  className="sc-bdfBwQ fKNFrQ"
  name="blog"
>
  <h3
    className="text-center text-capitalize mb-5"
  >
    <u>
      blog
    </u>
  </h3>
  <div
    className="container"
  >
    <div
      className="list-group"
      onKeyDown={[Function]}
    >
      <div
        className="border-0 list-group-item"
        data-rb-event-key={null}
        disabled={false}
        onClick={[Function]}
      />
    </div>
  </div>
</div>
`;
