// Jest Snapshot v1, https://goo.gl/fbAQLP

exports[`ArticlesItem renders correctly 1`] = `
<div
  className="list-group-item"
  disabled={false}
  onClick={[Function]}
/>
`;
